// Jest Snapshot v1, https://goo.gl/fbAQLP

exports[`Testing app component Should render correctly  1`] = `ShallowWrapper {}`;
